// Vitest Snapshot v1, https://vitest.dev/guide/snapshot.html

exports[`UserWelcome > matches the snapshot 1`] = `<DocumentFragment />`;
