// Vitest Snapshot v1, https://vitest.dev/guide/snapshot.html

exports[`App > matches the snapshot 1`] = `
<DocumentFragment>
  <div
    data-testid="app-router"
  >
    App Router Content
  </div>
</DocumentFragment>
`;
